// Jest Snapshot v1, https://goo.gl/fbAQLP

exports[`renders correctly 1`] = `
<div>
  <div
    className="header"
    data-testid="header"
  >
    <h1>
      fileUploader
    </h1>
  </div>
  <br />
  <div
    className="FileUploadScreen container"
  >
    <div
      className="row"
    >
      <div
        className="uploadForm"
      >
        <div
          className="row"
        >
          <img
            className="img-fluid"
            src="cloud.png"
            style={
              Object {
                "height": "auto",
                "width": 150,
              }
            }
          />
        </div>
        <div
          className="row"
        >
          <form
            className="uploadForm"
          >
            <div
              className="mb-3"
            >
              <label
                className="form-label"
                htmlFor="formFileLg"
              >
                Select File to Upload
              </label>
              <input
                className="form-control form-control-lg"
                id="formFileLg"
                onChange={[Function]}
                type="file"
              />
            </div>
          </form>
          <div
            className="uploadButton"
          >
            <button
              className="btn btn-primary btn-lg"
              disabled={false}
              onClick={[Function]}
              type="button"
            >
              Upload
            </button>
             
          </div>
        </div>
      </div>
    </div>
    <div
      className="row"
    >
      <div
        className="table-wrapper"
      >
        <table
          className="table table-sm table-striped table-bordered table-hover"
        >
          <thead>
            <tr>
              <th>
                No.
              </th>
              <th>
                Filename
              </th>
              <th>
                Path
              </th>
              <th>
                Type
              </th>
              <th>
                Size
              </th>
              <th />
            </tr>
          </thead>
          <tbody />
        </table>
      </div>
    </div>
  </div>
</div>
`;
