// Jest Snapshot v1, https://goo.gl/fbAQLP

exports[`renders correctly 1`] = `
<div
  className="uploadButton"
>
  <button
    className="btn btn-primary btn-lg"
    disabled={false}
    type="button"
  >
    Upload
  </button>
   
</div>
`;
