// Jest Snapshot v1, https://goo.gl/fbAQLP

exports[`renders correctly 1`] = `
<div
  className="header"
>
  <h1>
    fileUploader
  </h1>
</div>
`;
